#-----------------------------------------------------------
# Vivado v2020.1.1 (64-bit)
# SW Build 2960000 on Wed Aug  5 22:57:20 MDT 2020
# IP Build 2956692 on Thu Aug  6 01:41:30 MDT 2020
# Start of session at: Wed Oct 21 15:10:59 2020
# Process ID: 17088
# Current directory: C:/Users/aajos/Documents/GitHub/Lab07/Lab07
# Command line: vivado.exe -gui_launcher_event rodinguilauncherevent12564 C:\Users\aajos\Documents\GitHub\Lab07\Lab07\Lab07.xpr
# Log file: C:/Users/aajos/Documents/GitHub/Lab07/Lab07/vivado.log
# Journal file: C:/Users/aajos/Documents/GitHub/Lab07/Lab07\vivado.jou
#-----------------------------------------------------------
start_gui
open_project C:/Users/aajos/Documents/GitHub/Lab07/Lab07/Lab07.xpr
update_compile_order -fileset sources_1
export_ip_user_files -of_objects  [get_files C:/Users/aajos/Documents/GitHub/Lab07/Basys3.xdc] -no_script -reset -force -quiet
remove_files  -fileset constrs_1 C:/Users/aajos/Documents/GitHub/Lab07/Basys3.xdc
add_files -fileset constrs_1 -norecurse C:/Users/aajos/Documents/GitHub/Lab07/Basys3_07.xdc
reset_run synth_1
launch_runs impl_1 -to_step write_bitstream -jobs 4
wait_on_run impl_1
# Disabling source management mode.  This is to allow the top design properties to be set without GUI intervention.
set_property source_mgmt_mode None [current_project]
set_property top sseg1_BCD [current_fileset]
# Re-enabling previously disabled source management mode.
set_property source_mgmt_mode All [current_project]
update_compile_order -fileset sources_1
reset_run synth_1
launch_runs synth_1 -jobs 4
wait_on_run synth_1
launch_runs impl_1 -jobs 4
wait_on_run impl_1
launch_runs impl_1 -to_step write_bitstream -jobs 4
wait_on_run impl_1
open_hw_manager
close_hw_manager
close_project
open_project C:/Users/aajos/Documents/GitHub/Lab08/Lab08/Lab08.xpr
update_compile_order -fileset sources_1
open_hw_manager
connect_hw_server -allow_non_jtag
open_hw_target
set_property PROGRAM.FILE {C:/Users/aajos/Documents/GitHub/Lab08/Lab08/Lab08.runs/impl_1/sseg4_manual.bit} [get_hw_devices xc7a35t_0]
current_hw_device [get_hw_devices xc7a35t_0]
refresh_hw_device -update_hw_probes false [lindex [get_hw_devices xc7a35t_0] 0]
set_property PROBES.FILE {} [get_hw_devices xc7a35t_0]
set_property FULL_PROBES.FILE {} [get_hw_devices xc7a35t_0]
set_property PROGRAM.FILE {C:/Users/aajos/Documents/GitHub/Lab08/Lab08/Lab08.runs/impl_1/sseg4_manual.bit} [get_hw_devices xc7a35t_0]
program_hw_devices [get_hw_devices xc7a35t_0]
refresh_hw_device [lindex [get_hw_devices xc7a35t_0] 0]
set_property PROBES.FILE {} [get_hw_devices xc7a35t_0]
set_property FULL_PROBES.FILE {} [get_hw_devices xc7a35t_0]
set_property PROGRAM.FILE {C:/Users/aajos/Documents/GitHub/Lab08/Lab08/Lab08.runs/impl_1/sseg4_manual.bit} [get_hw_devices xc7a35t_0]
program_hw_devices [get_hw_devices xc7a35t_0]
refresh_hw_device [lindex [get_hw_devices xc7a35t_0] 0]
